// Jest Snapshot v1, https://goo.gl/fbAQLP

exports[`TimeInput.vue renders correctly 1`] = `
<div>
  <input
    class="tq-time-input tq-time-input--minutes shadow appearance-none border border-red py-2 px-3 text-grey-darker mb-3 leading-tight focus:outline-none focus:shadow-outline"
    max="60"
    min="0"
    name="minutes"
    step="5"
    type="number"
  />
   
  <input
    class="tq-time-input tq-time-input--hours shadow appearance-none border border-red py-2 px-3 text-grey-darker mb-3 leading-tight focus:outline-none focus:shadow-outline"
    max="25"
    min="0"
    name="hours"
    step="1"
    type="number"
  />
   
  <input
    class="tq-time-input tq-time-input--days shadow appearance-none border border-red py-2 px-3 text-grey-darker mb-3 leading-tight focus:outline-none focus:shadow-outline"
    max="30"
    min="0"
    name="days"
    step="1"
    type="number"
  />
</div>
`;
